Vercel CLI 56.2.1 (Node.js 24.15.0)
Retrieving project…
Deploying raulsouza9698-4658s-projects/dante-photography
Uploading [--------------------] (0.0B/115B)
Uploading [====================] (115.0B/115B)
  Inspect         https://vercel.com/raulsouza9698-4658s-projects/dante-photography/7eCpqDhjKcPvbd3rnQqJELGxJVMH
  Production      https://dante-photography-g71va9ksv-raulsouza9698-4658s-projects.vercel.app
Building…
Building…
Running build in Washington, D.C., USA (East) – iad1
Build machine configuration: 2 cores, 8 GB
Retrieving list of deployment files...
Downloading 110 deployment files...
Restored build cache from previous deployment (AjZvT2v1mFjHtn2dddPiXoRkkDma)
Running "vercel build"
Vercel CLI 56.2.0
Running "install" command: `npm install --legacy-peer-deps`...
up to date, audited 474 packages in 5s
168 packages are looking for funding
run `npm fund` for details
5 vulnerabilities (2 moderate, 3 high)
To address issues that do not require attention, run:
npm audit fix
To address all issues (including breaking changes), run:
npm audit fix --force
Run `npm audit` for details.
Detected Next.js version: 16.2.10
Running "npx prisma generate && next build"
Environment variables loaded from .env
Prisma schema loaded from prisma/schema.prisma
✔ Generated Prisma Client (v6.19.0) to ./node_modules/@prisma/client in 208ms
Start by importing your Prisma Client (See: https://pris.ly/d/importing-client)
Tip: Interested in query caching in just a few lines of code? Try Accelerate today! https://pris.ly/tip-3-accelerate
Applying modifyConfig from Vercel
▲ Next.js 16.2.10 (Turbopack)
- Environments: .env
⚠ The "middleware" file convention is deprecated. Please use "proxy" instead. Learn more: https://nextjs.org/docs/messages/middleware-to-proxy
Creating an optimized production build ...
✓ Compiled successfully in 15.5s
Running TypeScript ...
Finished TypeScript in 8.4s ...
Collecting page data using 1 worker ...
Error: DATABASE_URL não está definida
at module evaluation (.next/server/chunks/[root-of-the-server]__03_3knj._.js:19:12275)
at instantiateModule (.next/server/chunks/[turbopack]_runtime.js:853:9)
at getOrInstantiateModuleFromParent (.next/server/chunks/[turbopack]_runtime.js:877:12)
at Context.esmImport [as i] (.next/server/chunks/[turbopack]_runtime.js:281:20)
at module evaluation (.next/server/chunks/[root-of-the-server]__1iz9vou._.js:1:1513)
at instantiateModule (.next/server/chunks/[turbopack]_runtime.js:853:9)
at instantiateRuntimeModule (.next/server/chunks/[turbopack]_runtime.js:882:12)
at getOrInstantiateRuntimeModule (.next/server/chunks/[turbopack]_runtime.js:895:12)
at Object.m (.next/server/chunks/[turbopack]_runtime.js:898:18)
at Object.<anonymous> (.next/server/app/api/admin/categorias/[id]/route.js:6:3)
> Build error occurred
Error: Failed to collect page data for /api/admin/categorias/[id]
at ignore-listed frames {
type: 'Error'
}
Error: Command "npx prisma generate && next build" exited with 1
Error: Command "npx prisma generate && next build" exited with 1
